[www.mekatronikmakine.com.tr/index.html]
[backblue.gif]
[fade.gif]
[index.html]
[www.mekatronikmakine.com.tr/İCON.html]
[mekatronikmakine.com.tr/sablon/site/araclar/md/stil.css]
[code.jquery.com/jquery-1.11.2.min.js]
[maxcdn.bootstrapcdn.com/font-awesome/4.3.0/css/font-awesome.min.css]
[mekatronikmakine.com.tr/sablon/site/araclar/lazyload/jquery.lazyload.min.js]
[mekatronikmakine.com.tr/sablon/site/araclar/superfish/hoverIntent.js]
[mekatronikmakine.com.tr/sablon/site/araclar/superfish/superfish.min.js]
[mekatronikmakine.com.tr/sablon/site/araclar/md/resim/logo.png]
[mekatronikmakine.com.tr/sablon/belgelerim/resimler/urunler/IMG-20150819-WA0007_462X275.jpg]
[mekatronikmakine.com.tr/sablon/belgelerim/resimler/urunler/shrink/SHRINK-FIRINI-1_621X306_467X230_462X275_462X275.jpg]
[mekatronikmakine.com.tr/sablon/belgelerim/resimler/urunler/Moduler/EBATLAMA-ON-BESLEME-3-9_621X306_462X275.jpg]
[mekatronikmakine.com.tr/sablon/belgelerim/resimler/urunler/shrink/3-1_462X275.html]
[mekatronikmakine.com.tr/sablon/belgelerim/resimler/urunler/kanepe/firma-logosu-2048x617_462X275.jpg]
[mekatronikmakine.com.tr/sablon/site/araclar/md/resim/k1.png]
[mekatronikmakine.com.tr/sablon/site/araclar/md/resim/k2.png]
[www.mekatronikmakine.com.tr/index.html]
[www.mekatronikmakine.com.tr/İCON.html]
[mekatronikmakine.com.tr/sablon/site/araclar/md/resim/desen.png]
[mekatronikmakine.com.tr/sablon/site/araclar/jssor/jssor.js]
[mekatronikmakine.com.tr/sablon/site/araclar/md/resim/ust-ap.jpg]
[mekatronikmakine.com.tr/sablon/site/araclar/md/resim/menu-aktif-ap.png]
[mekatronikmakine.com.tr/sablon/site/araclar/md/resim/oklar.png]
[mekatronikmakine.com.tr/sablon/site/araclar/md/resim/v-ap.png]
[mekatronikmakine.com.tr/sablon/site/araclar/jssor/jssor.slider.js]
[mekatronikmakine.com.tr/sablon/site/araclar/md/resim/kutu.png]
[mekatronikmakine.com.tr/sablon/site/araclar/md/stil.css]
[maxcdn.bootstrapcdn.com/font-awesome/4.3.0/css/font-awesome.min.css]
[mekatronikmakine.com.tr/sablon/belgelerim/resimler/urunler/shrink/3-1_462X275.html]
